../USB_DEVICE/Target/usbd_conf.c:68:6:HAL_PCD_MspInit	48	static
../USB_DEVICE/Target/usbd_conf.c:108:6:HAL_PCD_MspDeInit	8	static
../USB_DEVICE/Target/usbd_conf.c:143:6:HAL_PCD_SetupStageCallback	8	static
../USB_DEVICE/Target/usbd_conf.c:158:6:HAL_PCD_DataOutStageCallback	8	static
../USB_DEVICE/Target/usbd_conf.c:173:6:HAL_PCD_DataInStageCallback	8	static
../USB_DEVICE/Target/usbd_conf.c:187:6:HAL_PCD_SOFCallback	8	static
../USB_DEVICE/Target/usbd_conf.c:201:6:HAL_PCD_ResetCallback	8	static
../USB_DEVICE/Target/usbd_conf.c:234:6:HAL_PCD_SuspendCallback	8	static
../USB_DEVICE/Target/usbd_conf.c:259:6:HAL_PCD_ResumeCallback	8	static
../USB_DEVICE/Target/usbd_conf.c:277:6:HAL_PCD_ISOOUTIncompleteCallback	8	static
../USB_DEVICE/Target/usbd_conf.c:292:6:HAL_PCD_ISOINIncompleteCallback	8	static
../USB_DEVICE/Target/usbd_conf.c:306:6:HAL_PCD_ConnectCallback	8	static
../USB_DEVICE/Target/usbd_conf.c:320:6:HAL_PCD_DisconnectCallback	8	static
../USB_DEVICE/Target/usbd_conf.c:335:20:USBD_LL_Init	8	static
../USB_DEVICE/Target/usbd_conf.c:529:9:USBD_LL_IsStallEP	0	static
../USB_DEVICE/Target/usbd_conf.c:607:10:USBD_LL_GetRxDataSize	8	static
../USB_DEVICE/Target/usbd_conf.c:617:6:USBD_LL_Delay	8	static
../USB_DEVICE/Target/usbd_conf.c:627:20:USBD_Get_USB_Status	0	static
../USB_DEVICE/Target/usbd_conf.c:385:20:USBD_LL_DeInit	8	static
../USB_DEVICE/Target/usbd_conf.c:402:20:USBD_LL_Start	8	static
../USB_DEVICE/Target/usbd_conf.c:419:20:USBD_LL_Stop	8	static
../USB_DEVICE/Target/usbd_conf.c:439:20:USBD_LL_OpenEP	8	static
../USB_DEVICE/Target/usbd_conf.c:457:20:USBD_LL_CloseEP	8	static
../USB_DEVICE/Target/usbd_conf.c:475:20:USBD_LL_FlushEP	8	static
../USB_DEVICE/Target/usbd_conf.c:493:20:USBD_LL_StallEP	8	static
../USB_DEVICE/Target/usbd_conf.c:511:20:USBD_LL_ClearStallEP	8	static
../USB_DEVICE/Target/usbd_conf.c:549:20:USBD_LL_SetUSBAddress	8	static
../USB_DEVICE/Target/usbd_conf.c:569:20:USBD_LL_Transmit	8	static
../USB_DEVICE/Target/usbd_conf.c:589:20:USBD_LL_PrepareReceive	8	static
