../Core/Src/stm32f4xx_hal_msp.c:65:6:HAL_MspInit	16	static
../Core/Src/stm32f4xx_hal_msp.c:89:6:HAL_ADC_MspInit	48	static
../Core/Src/stm32f4xx_hal_msp.c:152:6:HAL_ADC_MspDeInit	8	static
../Core/Src/stm32f4xx_hal_msp.c:186:6:HAL_I2C_MspInit	48	static
../Core/Src/stm32f4xx_hal_msp.c:222:6:HAL_I2C_MspDeInit	8	static
../Core/Src/stm32f4xx_hal_msp.c:253:6:HAL_I2S_MspInit	48	static
../Core/Src/stm32f4xx_hal_msp.c:299:6:HAL_I2S_MspDeInit	8	static
../Core/Src/stm32f4xx_hal_msp.c:332:6:HAL_SPI_MspInit	40	static
../Core/Src/stm32f4xx_hal_msp.c:369:6:HAL_SPI_MspDeInit	8	static
